Archive member included to satisfy reference by file (symbol)

d:/stm32cube/stm32cubeide_1.7.0/stm32cubeide/plugins/com.st.stm32cube.ide.mcu.externaltools.gnu-tools-for-stm32.10.3-2021.10.win32_1.0.0.202111181127/tools/bin/../lib/gcc/arm-none-eabi/10.3.1/../../../../arm-none-eabi/lib/thumb/v7-m/nofp\libc_nano.a(lib_a-errno.o)
                              ./Core/Src/syscalls.o (__errno)
d:/stm32cube/stm32cubeide_1.7.0/stm32cubeide/plugins/com.st.stm32cube.ide.mcu.externaltools.gnu-tools-for-stm32.10.3-2021.10.win32_1.0.0.202111181127/tools/bin/../lib/gcc/arm-none-eabi/10.3.1/../../../../arm-none-eabi/lib/thumb/v7-m/nofp\libc_nano.a(lib_a-exit.o)
                              d:/stm32cube/stm32cubeide_1.7.0/stm32cubeide/plugins/com.st.stm32cube.ide.mcu.externaltools.gnu-tools-for-stm32.10.3-2021.10.win32_1.0.0.202111181127/tools/bin/../lib/gcc/arm-none-eabi/10.3.1/../../../../arm-none-eabi/lib/thumb/v7-m/nofp/crt0.o (exit)
d:/stm32cube/stm32cubeide_1.7.0/stm32cubeide/plugins/com.st.stm32cube.ide.mcu.externaltools.gnu-tools-for-stm32.10.3-2021.10.win32_1.0.0.202111181127/tools/bin/../lib/gcc/arm-none-eabi/10.3.1/../../../../arm-none-eabi/lib/thumb/v7-m/nofp\libc_nano.a(lib_a-impure.o)
                              d:/stm32cube/stm32cubeide_1.7.0/stm32cubeide/plugins/com.st.stm32cube.ide.mcu.externaltools.gnu-tools-for-stm32.10.3-2021.10.win32_1.0.0.202111181127/tools/bin/../lib/gcc/arm-none-eabi/10.3.1/../../../../arm-none-eabi/lib/thumb/v7-m/nofp\libc_nano.a(lib_a-exit.o) (_global_impure_ptr)
d:/stm32cube/stm32cubeide_1.7.0/stm32cubeide/plugins/com.st.stm32cube.ide.mcu.externaltools.gnu-tools-for-stm32.10.3-2021.10.win32_1.0.0.202111181127/tools/bin/../lib/gcc/arm-none-eabi/10.3.1/../../../../arm-none-eabi/lib/thumb/v7-m/nofp\libc_nano.a(lib_a-init.o)
                              d:/stm32cube/stm32cubeide_1.7.0/stm32cubeide/plugins/com.st.stm32cube.ide.mcu.externaltools.gnu-tools-for-stm32.10.3-2021.10.win32_1.0.0.202111181127/tools/bin/../lib/gcc/arm-none-eabi/10.3.1/../../../../arm-none-eabi/lib/thumb/v7-m/nofp/crt0.o (__libc_init_array)
d:/stm32cube/stm32cubeide_1.7.0/stm32cubeide/plugins/com.st.stm32cube.ide.mcu.externaltools.gnu-tools-for-stm32.10.3-2021.10.win32_1.0.0.202111181127/tools/bin/../lib/gcc/arm-none-eabi/10.3.1/../../../../arm-none-eabi/lib/thumb/v7-m/nofp\libc_nano.a(lib_a-memset.o)
                              d:/stm32cube/stm32cubeide_1.7.0/stm32cubeide/plugins/com.st.stm32cube.ide.mcu.externaltools.gnu-tools-for-stm32.10.3-2021.10.win32_1.0.0.202111181127/tools/bin/../lib/gcc/arm-none-eabi/10.3.1/../../../../arm-none-eabi/lib/thumb/v7-m/nofp/crt0.o (memset)

Discarded input sections

 .text          0x0000000000000000        0x0 d:/stm32cube/stm32cubeide_1.7.0/stm32cubeide/plugins/com.st.stm32cube.ide.mcu.externaltools.gnu-tools-for-stm32.10.3-2021.10.win32_1.0.0.202111181127/tools/bin/../lib/gcc/arm-none-eabi/10.3.1/thumb/v7-m/nofp/crti.o
 .data          0x0000000000000000        0x0 d:/stm32cube/stm32cubeide_1.7.0/stm32cubeide/plugins/com.st.stm32cube.ide.mcu.externaltools.gnu-tools-for-stm32.10.3-2021.10.win32_1.0.0.202111181127/tools/bin/../lib/gcc/arm-none-eabi/10.3.1/thumb/v7-m/nofp/crti.o
 .bss           0x0000000000000000        0x0 d:/stm32cube/stm32cubeide_1.7.0/stm32cubeide/plugins/com.st.stm32cube.ide.mcu.externaltools.gnu-tools-for-stm32.10.3-2021.10.win32_1.0.0.202111181127/tools/bin/../lib/gcc/arm-none-eabi/10.3.1/thumb/v7-m/nofp/crti.o
 .data          0x0000000000000000        0x4 d:/stm32cube/stm32cubeide_1.7.0/stm32cubeide/plugins/com.st.stm32cube.ide.mcu.externaltools.gnu-tools-for-stm32.10.3-2021.10.win32_1.0.0.202111181127/tools/bin/../lib/gcc/arm-none-eabi/10.3.1/thumb/v7-m/nofp/crtbegin.o
 .rodata        0x0000000000000000       0x24 d:/stm32cube/stm32cubeide_1.7.0/stm32cubeide/plugins/com.st.stm32cube.ide.mcu.externaltools.gnu-tools-for-stm32.10.3-2021.10.win32_1.0.0.202111181127/tools/bin/../lib/gcc/arm-none-eabi/10.3.1/thumb/v7-m/nofp/crtbegin.o
 .text          0x0000000000000000       0x7c d:/stm32cube/stm32cubeide_1.7.0/stm32cubeide/plugins/com.st.stm32cube.ide.mcu.externaltools.gnu-tools-for-stm32.10.3-2021.10.win32_1.0.0.202111181127/tools/bin/../lib/gcc/arm-none-eabi/10.3.1/../../../../arm-none-eabi/lib/thumb/v7-m/nofp/crt0.o
 .data          0x0000000000000000        0x0 d:/stm32cube/stm32cubeide_1.7.0/stm32cubeide/plugins/com.st.stm32cube.ide.mcu.externaltools.gnu-tools-for-stm32.10.3-2021.10.win32_1.0.0.202111181127/tools/bin/../lib/gcc/arm-none-eabi/10.3.1/../../../../arm-none-eabi/lib/thumb/v7-m/nofp/crt0.o
 .bss           0x0000000000000000        0x0 d:/stm32cube/stm32cubeide_1.7.0/stm32cubeide/plugins/com.st.stm32cube.ide.mcu.externaltools.gnu-tools-for-stm32.10.3-2021.10.win32_1.0.0.202111181127/tools/bin/../lib/gcc/arm-none-eabi/10.3.1/../../../../arm-none-eabi/lib/thumb/v7-m/nofp/crt0.o
[...]
Memory Configuration

Name             Origin             Length             Attributes
RAM              0x0000000020000000 0x0000000000002800 xrw
FLASH            0x0000000008000000 0x0000000000008000 xr
*default*        0x0000000000000000 0xffffffffffffffff

Linker script and memory map

LOAD d:/stm32cube/stm32cubeide_1.7.0/stm32cubeide/plugins/com.st.stm32cube.ide.mcu.externaltools.gnu-tools-for-stm32.10.3-2021.10.win32_1.0.0.202111181127/tools/bin/../lib/gcc/arm-none-eabi/10.3.1/thumb/v7-m/nofp/crti.o
LOAD d:/stm32cube/stm32cubeide_1.7.0/stm32cubeide/plugins/com.st.stm32cube.ide.mcu.externaltools.gnu-tools-for-stm32.10.3-2021.10.win32_1.0.0.202111181127/tools/bin/../lib/gcc/arm-none-eabi/10.3.1/thumb/v7-m/nofp/crtbegin.o
LOAD d:/stm32cube/stm32cubeide_1.7.0/stm32cubeide/plugins/com.st.stm32cube.ide.mcu.externaltools.gnu-tools-for-stm32.10.3-2021.10.win32_1.0.0.202111181127/tools/bin/../lib/gcc/arm-none-eabi/10.3.1/../../../../arm-none-eabi/lib/thumb/v7-m/nofp/crt0.o
LOAD ./Core/Src/7Seg_led.o
LOAD ./Core/Src/SoftwareTimer.o
LOAD ./Core/Src/button.o
LOAD ./Core/Src/input_processing.o
LOAD ./Core/Src/main.o
LOAD ./Core/Src/stm32f1xx_hal_msp.o
LOAD ./Core/Src/stm32f1xx_it.o
LOAD ./Core/Src/syscalls.o
LOAD ./Core/Src/sysmem.o
LOAD ./Core/Src/system_stm32f1xx.o
LOAD ./Core/Startup/startup_stm32f103c6ux.o
LOAD ./Drivers/STM32F1xx_HAL_Driver/Src/stm32f1xx_hal.o
LOAD ./Drivers/STM32F1xx_HAL_Driver/Src/stm32f1xx_hal_cortex.o
LOAD ./Drivers/STM32F1xx_HAL_Driver/Src/stm32f1xx_hal_dma.o
LOAD ./Drivers/STM32F1xx_HAL_Driver/Src/stm32f1xx_hal_exti.o
LOAD ./Drivers/STM32F1xx_HAL_Driver/Src/stm32f1xx_hal_flash.o
LOAD ./Drivers/STM32F1xx_HAL_Driver/Src/stm32f1xx_hal_flash_ex.o
LOAD ./Drivers/STM32F1xx_HAL_Driver/Src/stm32f1xx_hal_gpio.o
LOAD ./Drivers/STM32F1xx_HAL_Driver/Src/stm32f1xx_hal_gpio_ex.o
LOAD ./Drivers/STM32F1xx_HAL_Driver/Src/stm32f1xx_hal_pwr.o
LOAD ./Drivers/STM32F1xx_HAL_Driver/Src/stm32f1xx_hal_rcc.o
LOAD ./Drivers/STM32F1xx_HAL_Driver/Src/stm32f1xx_hal_rcc_ex.o
LOAD ./Drivers/STM32F1xx_HAL_Driver/Src/stm32f1xx_hal_tim.o
LOAD ./Drivers/STM32F1xx_HAL_Driver/Src/stm32f1xx_hal_tim_ex.o
START GROUP
LOAD d:/stm32cube/stm32cubeide_1.7.0/stm32cubeide/plugins/com.st.stm32cube.ide.mcu.externaltools.gnu-tools-for-stm32.10.3-2021.10.win32_1.0.0.202111181127/tools/bin/../lib/gcc/arm-none-eabi/10.3.1/../../../../arm-none-eabi/lib/thumb/v7-m/nofp\libc_nano.a
LOAD d:/stm32cube/stm32cubeide_1.7.0/stm32cubeide/plugins/com.st.stm32cube.ide.mcu.externaltools.gnu-tools-for-stm32.10.3-2021.10.win32_1.0.0.202111181127/tools/bin/../lib/gcc/arm-none-eabi/10.3.1/../../../../arm-none-eabi/lib/thumb/v7-m/nofp\libm.a
END GROUP
START GROUP
LOAD d:/stm32cube/stm32cubeide_1.7.0/stm32cubeide/plugins/com.st.stm32cube.ide.mcu.externaltools.gnu-tools-for-stm32.10.3-2021.10.win32_1.0.0.202111181127/tools/bin/../lib/gcc/arm-none-eabi/10.3.1/thumb/v7-m/nofp\libgcc.a
LOAD d:/stm32cube/stm32cubeide_1.7.0/stm32cubeide/plugins/com.st.stm32cube.ide.mcu.externaltools.gnu-tools-for-stm32.10.3-2021.10.win32_1.0.0.202111181127/tools/bin/../lib/gcc/arm-none-eabi/10.3.1/../../../../arm-none-eabi/lib/thumb/v7-m/nofp\libc_nano.a
END GROUP
START GROUP
LOAD d:/stm32cube/stm32cubeide_1.7.0/stm32cubeide/plugins/com.st.stm32cube.ide.mcu.externaltools.gnu-tools-for-stm32.10.3-2021.10.win32_1.0.0.202111181127/tools/bin/../lib/gcc/arm-none-eabi/10.3.1/thumb/v7-m/nofp\libgcc.a
LOAD d:/stm32cube/stm32cubeide_1.7.0/stm32cubeide/plugins/com.st.stm32cube.ide.mcu.externaltools.gnu-tools-for-stm32.10.3-2021.10.win32_1.0.0.202111181127/tools/bin/../lib/gcc/arm-none-eabi/10.3.1/../../../../arm-none-eabi/lib/thumb/v7-m/nofp\libc_nano.a
LOAD d:/stm32cube/stm32cubeide_1.7.0/stm32cubeide/plugins/com.st.stm32cube.ide.mcu.externaltools.gnu-tools-for-stm32.10.3-2021.10.win32_1.0.0.202111181127/tools/bin/../lib/gcc/arm-none-eabi/10.3.1/../../../../arm-none-eabi/lib/thumb/v7-m/nofp\libnosys.a
END GROUP
START GROUP
LOAD d:/stm32cube/stm32cubeide_1.7.0/stm32cubeide/plugins/com.st.stm32cube.ide.mcu.externaltools.gnu-tools-for-stm32.10.3-2021.10.win32_1.0.0.202111181127/tools/bin/../lib/gcc/arm-none-eabi/10.3.1/thumb/v7-m/nofp\libgcc.a
LOAD d:/stm32cube/stm32cubeide_1.7.0/stm32cubeide/plugins/com.st.stm32cube.ide.mcu.externaltools.gnu-tools-for-stm32.10.3-2021.10.win32_1.0.0.202111181127/tools/bin/../lib/gcc/arm-none-eabi/10.3.1/../../../../arm-none-eabi/lib/thumb/v7-m/nofp\libc_nano.a
LOAD d:/stm32cube/stm32cubeide_1.7.0/stm32cubeide/plugins/com.st.stm32cube.ide.mcu.externaltools.gnu-tools-for-stm32.10.3-2021.10.win32_1.0.0.202111181127/tools/bin/../lib/gcc/arm-none-eabi/10.3.1/../../../../arm-none-eabi/lib/thumb/v7-m/nofp\libnosys.a
END GROUP
LOAD d:/stm32cube/stm32cubeide_1.7.0/stm32cubeide/plugins/com.st.stm32cube.ide.mcu.externaltools.gnu-tools-for-stm32.10.3-2021.10.win32_1.0.0.202111181127/tools/bin/../lib/gcc/arm-none-eabi/10.3.1/thumb/v7-m/nofp/crtend.o
LOAD d:/stm32cube/stm32cubeide_1.7.0/stm32cubeide/plugins/com.st.stm32cube.ide.mcu.externaltools.gnu-tools-for-stm32.10.3-2021.10.win32_1.0.0.202111181127/tools/bin/../lib/gcc/arm-none-eabi/10.3.1/thumb/v7-m/nofp/crtn.o
                0x0000000020002800                _estack = (ORIGIN (RAM) + LENGTH (RAM))
                0x0000000000000200                _Min_Heap_Size = 0x200
                0x0000000000000400                _Min_Stack_Size = 0x400

.isr_vector     0x0000000008000000      0x10c
                0x0000000008000000                . = ALIGN (0x4)
 *(.isr_vector)
 .isr_vector    0x0000000008000000      0x10c ./Core/Startup/startup_stm32f103c6ux.o
                0x0000000008000000                g_pfnVectors
                0x000000000800010c                . = ALIGN (0x4)

.text           0x000000000800010c     0x2900
                0x000000000800010c                . = ALIGN (0x4)
 *(.text)
 .text          0x000000000800010c       0x40 d:/stm32cube/stm32cubeide_1.7.0/stm32cubeide/plugins/com.st.stm32cube.ide.mcu.externaltools.gnu-tools-for-stm32.10.3-2021.10.win32_1.0.0.202111181127/tools/bin/../lib/gcc/arm-none-eabi/10.3.1/thumb/v7-m/nofp/crtbegin.o
 *(.text*)
 .text.display7SEG
                0x000000000800014c      0x5a0 ./Core/Src/7Seg_led.o
                0x000000000800014c                display7SEG
 .text.setTimer1
                0x00000000080006ec       0x34 ./Core/Src/SoftwareTimer.o
                0x00000000080006ec                setTimer1
 .text.setTimer2
                0x0000000008000720       0x34 ./Core/Src/SoftwareTimer.o
                0x0000000008000720                setTimer2
 .text.setTimer3
                0x0000000008000754       0x34 ./Core/Src/SoftwareTimer.o
                0x0000000008000754                setTimer3
 .text.setTimer4
                0x0000000008000788       0x34 ./Core/Src/SoftwareTimer.o
                0x0000000008000788                setTimer4
 .text.TimerRun
                0x00000000080007bc       0xac ./Core/Src/SoftwareTimer.o
                0x00000000080007bc                TimerRun
 .text.BTN_INIT
                0x0000000008000868       0x7c ./Core/Src/button.o
                0x0000000008000868                BTN_INIT
 .text.button_reading
                0x00000000080008e4       0xe0 ./Core/Src/button.o
                0x00000000080008e4                button_reading
 .text.button_pressed
                0x00000000080009c4       0x28 ./Core/Src/button.o
                0x00000000080009c4                button_pressed
 .text.fsm_simple_buttons_run
                0x00000000080009ec      0x4cc ./Core/Src/input_processing.o
                0x00000000080009ec                fsm_simple_buttons_run
 .text.count_BTN_pressed3s
                0x0000000008000eb8       0x88 ./Core/Src/input_processing.o
                0x0000000008000eb8                count_BTN_pressed3s
 .text.BTN_INC_PRESSED_3s
                0x0000000008000f40       0x20 ./Core/Src/input_processing.o
                0x0000000008000f40                BTN_INC_PRESSED_3s
 .text.BTN_DEC_PRESSED_3s
                0x0000000008000f60       0x20 ./Core/Src/input_processing.o
                0x0000000008000f60                BTN_DEC_PRESSED_3s
 .text.reset_var_counter_3s
                0x0000000008000f80       0x34 ./Core/Src/input_processing.o
                0x0000000008000f80                reset_var_counter_3s
 .text.count_BTN_released10s
                0x0000000008000fb4       0x34 ./Core/Src/input_processing.o
                0x0000000008000fb4                count_BTN_released10s
 .text.reset_var_released_10s
                0x0000000008000fe8       0x20 ./Core/Src/input_processing.o
                0x0000000008000fe8                reset_var_released_10s
 .text.BTN_RELEASED_10s
                0x0000000008001008       0x20 ./Core/Src/input_processing.o
                0x0000000008001008                BTN_RELEASED_10s
 .text.main     0x0000000008001028       0x24 ./Core/Src/main.o
                0x0000000008001028                main
 .text.SystemClock_Config
                0x000000000800104c       0x76 ./Core/Src/main.o
                0x000000000800104c                SystemClock_Config
 *fill*         0x00000000080010c2        0x2 
 .text.MX_TIM2_Init
                0x00000000080010c4       0x98 ./Core/Src/main.o
 .text.MX_GPIO_Init
                0x000000000800115c       0xc0 ./Core/Src/main.o
 .text.HAL_TIM_PeriodElapsedCallback
                0x000000000800121c       0x2e ./Core/Src/main.o
                0x000000000800121c                HAL_TIM_PeriodElapsedCallback
 .text.Error_Handler
                0x000000000800124a        0xa ./Core/Src/main.o
                0x000000000800124a                Error_Handler
 .text.HAL_MspInit
                0x0000000008001254       0x44 ./Core/Src/stm32f1xx_hal_msp.o
                0x0000000008001254                HAL_MspInit
 .text.HAL_TIM_Base_MspInit
                0x0000000008001298       0x48 ./Core/Src/stm32f1xx_hal_msp.o
                0x0000000008001298                HAL_TIM_Base_MspInit
 .text.NMI_Handler
                0x00000000080012e0        0x6 ./Core/Src/stm32f1xx_it.o
                0x00000000080012e0                NMI_Handler
 .text.HardFault_Handler
                0x00000000080012e6        0x6 ./Core/Src/stm32f1xx_it.o
                0x00000000080012e6                HardFault_Handler
 .text.MemManage_Handler
                0x00000000080012ec        0x6 ./Core/Src/stm32f1xx_it.o
                0x00000000080012ec                MemManage_Handler
 .text.BusFault_Handler
                0x00000000080012f2        0x6 ./Core/Src/stm32f1xx_it.o
                0x00000000080012f2                BusFault_Handler
 .text.UsageFault_Handler
                0x00000000080012f8        0x6 ./Core/Src/stm32f1xx_it.o
                0x00000000080012f8                UsageFault_Handler
 .text.SVC_Handler
                0x00000000080012fe        0xc ./Core/Src/stm32f1xx_it.o
                0x00000000080012fe                SVC_Handler
 .text.DebugMon_Handler
                0x000000000800130a        0xc ./Core/Src/stm32f1xx_it.o
                0x000000000800130a                DebugMon_Handler
 .text.PendSV_Handler
                0x0000000008001316        0xc ./Core/Src/stm32f1xx_it.o
                0x0000000008001316                PendSV_Handler
 .text.SysTick_Handler
                0x0000000008001322        0xc ./Core/Src/stm32f1xx_it.o
                0x0000000008001322                SysTick_Handler
 *fill*         0x000000000800132e        0x2 
 .text.TIM2_IRQHandler
                0x0000000008001330       0x14 ./Core/Src/stm32f1xx_it.o
                0x0000000008001330                TIM2_IRQHandler
 .text.SystemInit
                0x0000000008001344        0xc ./Core/Src/system_stm32f1xx.o
                0x0000000008001344                SystemInit
 .text.Reset_Handler
                0x0000000008001350       0x48 ./Core/Startup/startup_stm32f103c6ux.o
                0x0000000008001350                Reset_Handler
 .text.Default_Handler
                0x0000000008001398        0x2 ./Core/Startup/startup_stm32f103c6ux.o
                0x0000000008001398                RTC_Alarm_IRQHandler
                0x0000000008001398                EXTI2_IRQHandler
                0x0000000008001398                TIM1_CC_IRQHandler
                0x0000000008001398                PVD_IRQHandler
                0x0000000008001398                EXTI3_IRQHandler
                0x0000000008001398                EXTI0_IRQHandler
                0x0000000008001398                ADC1_2_IRQHandler
                0x0000000008001398                SPI1_IRQHandler
                0x0000000008001398                TAMPER_IRQHandler
                0x0000000008001398                DMA1_Channel4_IRQHandler
                0x0000000008001398                RTC_IRQHandler
                0x0000000008001398                DMA1_Channel7_IRQHandler
                0x0000000008001398                CAN1_RX1_IRQHandler
                0x0000000008001398                I2C1_EV_IRQHandler
                0x0000000008001398                DMA1_Channel6_IRQHandler
                0x0000000008001398                TIM3_IRQHandler
                0x0000000008001398                RCC_IRQHandler
                0x0000000008001398                TIM1_TRG_COM_IRQHandler
                0x0000000008001398                DMA1_Channel1_IRQHandler
                0x0000000008001398                Default_Handler
                0x0000000008001398                EXTI15_10_IRQHandler
                0x0000000008001398                EXTI9_5_IRQHandler
                0x0000000008001398                DMA1_Channel5_IRQHandler
                0x0000000008001398                EXTI4_IRQHandler
                0x0000000008001398                USB_LP_CAN1_RX0_IRQHandler
                0x0000000008001398                USB_HP_CAN1_TX_IRQHandler
                0x0000000008001398                DMA1_Channel3_IRQHandler
                0x0000000008001398                TIM1_UP_IRQHandler
                0x0000000008001398                WWDG_IRQHandler
                0x0000000008001398                TIM1_BRK_IRQHandler
                0x0000000008001398                EXTI1_IRQHandler
                0x0000000008001398                USART2_IRQHandler
                0x0000000008001398                DMA1_Channel2_IRQHandler
                0x0000000008001398                CAN1_SCE_IRQHandler
                0x0000000008001398                FLASH_IRQHandler
                0x0000000008001398                USART1_IRQHandler
                0x0000000008001398                I2C1_ER_IRQHandler
                0x0000000008001398                USBWakeUp_IRQHandler
 *fill*         0x000000000800139a        0x2 
 .text.HAL_Init
                0x000000000800139c       0x2c ./Drivers/STM32F1xx_HAL_Driver/Src/stm32f1xx_hal.o
                0x000000000800139c                HAL_Init
 .text.HAL_InitTick
                0x00000000080013c8       0x60 ./Drivers/STM32F1xx_HAL_Driver/Src/stm32f1xx_hal.o
                0x00000000080013c8                HAL_InitTick
 .text.HAL_IncTick
                0x0000000008001428       0x24 ./Drivers/STM32F1xx_HAL_Driver/Src/stm32f1xx_hal.o
                0x0000000008001428                HAL_IncTick
 .text.HAL_GetTick
                0x000000000800144c       0x14 ./Drivers/STM32F1xx_HAL_Driver/Src/stm32f1xx_hal.o
                0x000000000800144c                HAL_GetTick
 .text.__NVIC_SetPriorityGrouping
                0x0000000008001460       0x48 ./Drivers/STM32F1xx_HAL_Driver/Src/stm32f1xx_hal_cortex.o
 .text.__NVIC_GetPriorityGrouping
                0x00000000080014a8       0x1c ./Drivers/STM32F1xx_HAL_Driver/Src/stm32f1xx_hal_cortex.o
 .text.__NVIC_EnableIRQ
                0x00000000080014c4       0x38 ./Drivers/STM32F1xx_HAL_Driver/Src/stm32f1xx_hal_cortex.o
 .text.__NVIC_SetPriority
                0x00000000080014fc       0x54 ./Drivers/STM32F1xx_HAL_Driver/Src/stm32f1xx_hal_cortex.o
 .text.NVIC_EncodePriority
                0x0000000008001550       0x64 ./Drivers/STM32F1xx_HAL_Driver/Src/stm32f1xx_hal_cortex.o
 .text.SysTick_Config
                0x00000000080015b4       0x44 ./Drivers/STM32F1xx_HAL_Driver/Src/stm32f1xx_hal_cortex.o
 .text.HAL_NVIC_SetPriorityGrouping
                0x00000000080015f8       0x16 ./Drivers/STM32F1xx_HAL_Driver/Src/stm32f1xx_hal_cortex.o
                0x00000000080015f8                HAL_NVIC_SetPriorityGrouping
 .text.HAL_NVIC_SetPriority
                0x000000000800160e       0x38 ./Drivers/STM32F1xx_HAL_Driver/Src/stm32f1xx_hal_cortex.o
                0x000000000800160e                HAL_NVIC_SetPriority
 .text.HAL_NVIC_EnableIRQ
                0x0000000008001646       0x1c ./Drivers/STM32F1xx_HAL_Driver/Src/stm32f1xx_hal_cortex.o
                0x0000000008001646                HAL_NVIC_EnableIRQ
 .text.HAL_SYSTICK_Config
                0x0000000008001662       0x18 ./Drivers/STM32F1xx_HAL_Driver/Src/stm32f1xx_hal_cortex.o
                0x0000000008001662                HAL_SYSTICK_Config
 *fill*         0x000000000800167a        0x2 
 .text.HAL_GPIO_Init
                0x000000000800167c      0x2f8 ./Drivers/STM32F1xx_HAL_Driver/Src/stm32f1xx_hal_gpio.o
                0x000000000800167c                HAL_GPIO_Init
 .text.HAL_GPIO_ReadPin
                0x0000000008001974       0x2e ./Drivers/STM32F1xx_HAL_Driver/Src/stm32f1xx_hal_gpio.o
                0x0000000008001974                HAL_GPIO_ReadPin
 .text.HAL_GPIO_WritePin
                0x00000000080019a2       0x30 ./Drivers/STM32F1xx_HAL_Driver/Src/stm32f1xx_hal_gpio.o
                0x00000000080019a2                HAL_GPIO_WritePin
 .text.HAL_GPIO_TogglePin
                0x00000000080019d2       0x32 ./Drivers/STM32F1xx_HAL_Driver/Src/stm32f1xx_hal_gpio.o
                0x00000000080019d2                HAL_GPIO_TogglePin
 .text.HAL_RCC_OscConfig
                0x0000000008001a04      0x504 ./Drivers/STM32F1xx_HAL_Driver/Src/stm32f1xx_hal_rcc.o
                0x0000000008001a04                HAL_RCC_OscConfig
 .text.HAL_RCC_ClockConfig
                0x0000000008001f08      0x1d4 ./Drivers/STM32F1xx_HAL_Driver/Src/stm32f1xx_hal_rcc.o
                0x0000000008001f08                HAL_RCC_ClockConfig
 .text.HAL_RCC_GetSysClockFreq
                0x00000000080020dc       0xbc ./Drivers/STM32F1xx_HAL_Driver/Src/stm32f1xx_hal_rcc.o
                0x00000000080020dc                HAL_RCC_GetSysClockFreq
 .text.RCC_Delay
                0x0000000008002198       0x3c ./Drivers/STM32F1xx_HAL_Driver/Src/stm32f1xx_hal_rcc.o
 .text.HAL_TIM_Base_Init
                0x00000000080021d4       0x9e ./Drivers/STM32F1xx_HAL_Driver/Src/stm32f1xx_hal_tim.o
                0x00000000080021d4                HAL_TIM_Base_Init
 *fill*         0x0000000008002272        0x2 
 .text.HAL_TIM_Base_Start_IT
                0x0000000008002274       0x98 ./Drivers/STM32F1xx_HAL_Driver/Src/stm32f1xx_hal_tim.o
                0x0000000008002274                HAL_TIM_Base_Start_IT
 .text.HAL_TIM_IRQHandler
                0x000000000800230c      0x210 ./Drivers/STM32F1xx_HAL_Driver/Src/stm32f1xx_hal_tim.o
                0x000000000800230c                HAL_TIM_IRQHandler
 .text.HAL_TIM_ConfigClockSource
                0x000000000800251c      0x188 ./Drivers/STM32F1xx_HAL_Driver/Src/stm32f1xx_hal_tim.o
                0x000000000800251c                HAL_TIM_ConfigClockSource
 .text.HAL_TIM_OC_DelayElapsedCallback
                0x00000000080026a4       0x12 ./Drivers/STM32F1xx_HAL_Driver/Src/stm32f1xx_hal_tim.o
                0x00000000080026a4                HAL_TIM_OC_DelayElapsedCallback
 .text.HAL_TIM_IC_CaptureCallback
                0x00000000080026b6       0x12 ./Drivers/STM32F1xx_HAL_Driver/Src/stm32f1xx_hal_tim.o
                0x00000000080026b6                HAL_TIM_IC_CaptureCallback
 .text.HAL_TIM_PWM_PulseFinishedCallback
                0x00000000080026c8       0x12 ./Drivers/STM32F1xx_HAL_Driver/Src/stm32f1xx_hal_tim.o
                0x00000000080026c8                HAL_TIM_PWM_PulseFinishedCallback
 .text.HAL_TIM_TriggerCallback
                0x00000000080026da       0x12 ./Drivers/STM32F1xx_HAL_Driver/Src/stm32f1xx_hal_tim.o
                0x00000000080026da                HAL_TIM_TriggerCallback
 .text.TIM_Base_SetConfig
                0x00000000080026ec       0xb0 ./Drivers/STM32F1xx_HAL_Driver/Src/stm32f1xx_hal_tim.o
                0x00000000080026ec                TIM_Base_SetConfig
 .text.TIM_TI1_ConfigInputStage
                0x000000000800279c       0x5c ./Drivers/STM32F1xx_HAL_Driver/Src/stm32f1xx_hal_tim.o
 .text.TIM_TI2_ConfigInputStage
                0x00000000080027f8       0x5e ./Drivers/STM32F1xx_HAL_Driver/Src/stm32f1xx_hal_tim.o
 .text.TIM_ITRx_SetConfig
                0x0000000008002856       0x34 ./Drivers/STM32F1xx_HAL_Driver/Src/stm32f1xx_hal_tim.o
 .text.TIM_ETR_SetConfig
                0x000000000800288a       0x3e ./Drivers/STM32F1xx_HAL_Driver/Src/stm32f1xx_hal_tim.o
                0x000000000800288a                TIM_ETR_SetConfig
 .text.HAL_TIMEx_MasterConfigSynchronization
                0x00000000080028c8       0xb0 ./Drivers/STM32F1xx_HAL_Driver/Src/stm32f1xx_hal_tim_ex.o
                0x00000000080028c8                HAL_TIMEx_MasterConfigSynchronization
 .text.HAL_TIMEx_CommutCallback
                0x0000000008002978       0x12 ./Drivers/STM32F1xx_HAL_Driver/Src/stm32f1xx_hal_tim_ex.o
                0x0000000008002978                HAL_TIMEx_CommutCallback
 .text.HAL_TIMEx_BreakCallback
                0x000000000800298a       0x12 ./Drivers/STM32F1xx_HAL_Driver/Src/stm32f1xx_hal_tim_ex.o
                0x000000000800298a                HAL_TIMEx_BreakCallback
 .text.__libc_init_array
                0x000000000800299c       0x48 d:/stm32cube/stm32cubeide_1.7.0/stm32cubeide/plugins/com.st.stm32cube.ide.mcu.externaltools.gnu-tools-for-stm32.10.3-2021.10.win32_1.0.0.202111181127/tools/bin/../lib/gcc/arm-none-eabi/10.3.1/../../../../arm-none-eabi/lib/thumb/v7-m/nofp\libc_nano.a(lib_a-init.o)
                0x000000000800299c                __libc_init_array
 .text.memset   0x00000000080029e4       0x10 d:/stm32cube/stm32cubeide_1.7.0/stm32cubeide/plugins/com.st.stm32cube.ide.mcu.externaltools.gnu-tools-for-stm32.10.3-2021.10.win32_1.0.0.202111181127/tools/bin/../lib/gcc/arm-none-eabi/10.3.1/../../../../arm-none-eabi/lib/thumb/v7-m/nofp\libc_nano.a(lib_a-memset.o)
                0x00000000080029e4                memset
 *(.glue_7)
 .glue_7        0x00000000080029f4        0x0 linker stubs
 *(.glue_7t)
 .glue_7t       0x00000000080029f4        0x0 linker stubs
 *(.eh_frame)
 .eh_frame      0x00000000080029f4        0x0 d:/stm32cube/stm32cubeide_1.7.0/stm32cubeide/plugins/com.st.stm32cube.ide.mcu.externaltools.gnu-tools-for-stm32.10.3-2021.10.win32_1.0.0.202111181127/tools/bin/../lib/gcc/arm-none-eabi/10.3.1/thumb/v7-m/nofp/crtbegin.o
 *(.init)
 .init          0x00000000080029f4        0x4 d:/stm32cube/stm32cubeide_1.7.0/stm32cubeide/plugins/com.st.stm32cube.ide.mcu.externaltools.gnu-tools-for-stm32.10.3-2021.10.win32_1.0.0.202111181127/tools/bin/../lib/gcc/arm-none-eabi/10.3.1/thumb/v7-m/nofp/crti.o
                0x00000000080029f4                _init
 .init          0x00000000080029f8        0x8 d:/stm32cube/stm32cubeide_1.7.0/stm32cubeide/plugins/com.st.stm32cube.ide.mcu.externaltools.gnu-tools-for-stm32.10.3-2021.10.win32_1.0.0.202111181127/tools/bin/../lib/gcc/arm-none-eabi/10.3.1/thumb/v7-m/nofp/crtn.o
 *(.fini)
 .fini          0x0000000008002a00        0x4 d:/stm32cube/stm32cubeide_1.7.0/stm32cubeide/plugins/com.st.stm32cube.ide.mcu.externaltools.gnu-tools-for-stm32.10.3-2021.10.win32_1.0.0.202111181127/tools/bin/../lib/gcc/arm-none-eabi/10.3.1/thumb/v7-m/nofp/crti.o
                0x0000000008002a00                _fini
 .fini          0x0000000008002a04        0x8 d:/stm32cube/stm32cubeide_1.7.0/stm32cubeide/plugins/com.st.stm32cube.ide.mcu.externaltools.gnu-tools-for-stm32.10.3-2021.10.win32_1.0.0.202111181127/tools/bin/../lib/gcc/arm-none-eabi/10.3.1/thumb/v7-m/nofp/crtn.o
                0x0000000008002a0c                . = ALIGN (0x4)
                0x0000000008002a0c                _etext = .

.vfp11_veneer   0x0000000008002a0c        0x0
 .vfp11_veneer  0x0000000008002a0c        0x0 linker stubs

.v4_bx          0x0000000008002a0c        0x0
 .v4_bx         0x0000000008002a0c        0x0 linker stubs

.iplt           0x0000000008002a0c        0x0
 .iplt          0x0000000008002a0c        0x0 d:/stm32cube/stm32cubeide_1.7.0/stm32cubeide/plugins/com.st.stm32cube.ide.mcu.externaltools.gnu-tools-for-stm32.10.3-2021.10.win32_1.0.0.202111181127/tools/bin/../lib/gcc/arm-none-eabi/10.3.1/thumb/v7-m/nofp/crtbegin.o

.rodata         0x0000000008002a0c       0x20
                0x0000000008002a0c                . = ALIGN (0x4)
 *(.rodata)
 .rodata        0x0000000008002a0c       0x10 ./Drivers/STM32F1xx_HAL_Driver/Src/stm32f1xx_hal_rcc.o
 *(.rodata*)
 .rodata.AHBPrescTable
                0x0000000008002a1c       0x10 ./Core/Src/system_stm32f1xx.o
                0x0000000008002a1c                AHBPrescTable
                0x0000000008002a2c                . = ALIGN (0x4)

.rel.dyn        0x0000000008002a2c        0x0
 .rel.iplt      0x0000000008002a2c        0x0 d:/stm32cube/stm32cubeide_1.7.0/stm32cubeide/plugins/com.st.stm32cube.ide.mcu.externaltools.gnu-tools-for-stm32.10.3-2021.10.win32_1.0.0.202111181127/tools/bin/../lib/gcc/arm-none-eabi/10.3.1/thumb/v7-m/nofp/crtbegin.o

.ARM.extab      0x0000000008002a2c        0x0
                0x0000000008002a2c                . = ALIGN (0x4)
 *(.ARM.extab* .gnu.linkonce.armextab.*)
                0x0000000008002a2c                . = ALIGN (0x4)

.ARM            0x0000000008002a2c        0x0
                0x0000000008002a2c                . = ALIGN (0x4)
                0x0000000008002a2c                __exidx_start = .
 *(.ARM.exidx*)
                0x0000000008002a2c                __exidx_end = .
                0x0000000008002a2c                . = ALIGN (0x4)

.preinit_array  0x0000000008002a2c        0x0
                0x0000000008002a2c                . = ALIGN (0x4)
                0x0000000008002a2c                PROVIDE (__preinit_array_start = .)
 *(.preinit_array*)
                0x0000000008002a2c                PROVIDE (__preinit_array_end = .)
                0x0000000008002a2c                . = ALIGN (0x4)

.init_array     0x0000000008002a2c        0x4
                0x0000000008002a2c                . = ALIGN (0x4)
                0x0000000008002a2c                PROVIDE (__init_array_start = .)
 *(SORT_BY_NAME(.init_array.*))
 *(.init_array*)
 .init_array    0x0000000008002a2c        0x4 d:/stm32cube/stm32cubeide_1.7.0/stm32cubeide/plugins/com.st.stm32cube.ide.mcu.externaltools.gnu-tools-for-stm32.10.3-2021.10.win32_1.0.0.202111181127/tools/bin/../lib/gcc/arm-none-eabi/10.3.1/thumb/v7-m/nofp/crtbegin.o
                0x0000000008002a30                PROVIDE (__init_array_end = .)
                0x0000000008002a30                . = ALIGN (0x4)

.fini_array     0x0000000008002a30        0x4
                0x0000000008002a30                . = ALIGN (0x4)
                [!provide]                        PROVIDE (__fini_array_start = .)
 *(SORT_BY_NAME(.fini_array.*))
 *(.fini_array*)
 .fini_array    0x0000000008002a30        0x4 d:/stm32cube/stm32cubeide_1.7.0/stm32cubeide/plugins/com.st.stm32cube.ide.mcu.externaltools.gnu-tools-for-stm32.10.3-2021.10.win32_1.0.0.202111181127/tools/bin/../lib/gcc/arm-none-eabi/10.3.1/thumb/v7-m/nofp/crtbegin.o
                [!provide]                        PROVIDE (__fini_array_end = .)
                0x0000000008002a34                . = ALIGN (0x4)
                0x0000000008002a34                _sidata = LOADADDR (.data)

.data           0x0000000020000000       0x50 load address 0x0000000008002a34
                0x0000000020000000                . = ALIGN (0x4)
                0x0000000020000000                _sdata = .
 *(.data)
 *(.data*)
 .data.TIMER_CYCLE
                0x0000000020000000        0x4 ./Core/Src/SoftwareTimer.o
                0x0000000020000000                TIMER_CYCLE
 .data.LED_BLINKING_INTERVAL
                0x0000000020000004        0x4 ./Core/Src/input_processing.o
                0x0000000020000004                LED_BLINKING_INTERVAL
 .data.counter3s_DEC
                0x0000000020000008        0x4 ./Core/Src/input_processing.o
                0x0000000020000008                counter3s_DEC
 .data.counter3s_INC
                0x000000002000000c        0x4 ./Core/Src/input_processing.o
                0x000000002000000c                counter3s_INC
 .data.count_released10s
                0x0000000020000010        0x4 ./Core/Src/input_processing.o
                0x0000000020000010                count_released10s
 .data.AUTO_COUNT_DOWN_INTERVAL
                0x0000000020000014        0x4 ./Core/Src/input_processing.o
                0x0000000020000014                AUTO_COUNT_DOWN_INTERVAL
 .data.SEG_LED1_PORT
                0x0000000020000018       0x1c ./Core/Src/input_processing.o
                0x0000000020000018                SEG_LED1_PORT
 .data.SEG_LED1_PIN
                0x0000000020000034        0xe ./Core/Src/input_processing.o
                0x0000000020000034                SEG_LED1_PIN
 *fill*         0x0000000020000042        0x2 
 .data.SystemCoreClock
                0x0000000020000044        0x4 ./Core/Src/system_stm32f1xx.o
                0x0000000020000044                SystemCoreClock
 .data.uwTickPrio
                0x0000000020000048        0x4 ./Drivers/STM32F1xx_HAL_Driver/Src/stm32f1xx_hal.o
                0x0000000020000048                uwTickPrio
 .data.uwTickFreq
                0x000000002000004c        0x1 ./Drivers/STM32F1xx_HAL_Driver/Src/stm32f1xx_hal.o
                0x000000002000004c                uwTickFreq
 *(.RamFunc)
 *(.RamFunc*)
                0x0000000020000050                . = ALIGN (0x4)
 *fill*         0x000000002000004d        0x3 
                0x0000000020000050                _edata = .

.igot.plt       0x0000000020000050        0x0 load address 0x0000000008002a84
 .igot.plt      0x0000000020000050        0x0 d:/stm32cube/stm32cubeide_1.7.0/stm32cubeide/plugins/com.st.stm32cube.ide.mcu.externaltools.gnu-tools-for-stm32.10.3-2021.10.win32_1.0.0.202111181127/tools/bin/../lib/gcc/arm-none-eabi/10.3.1/thumb/v7-m/nofp/crtbegin.o
                0x0000000020000050                . = ALIGN (0x4)

.bss            0x0000000020000050       0xf4 load address 0x0000000008002a84
                0x0000000020000050                _sbss = .
                0x0000000020000050                __bss_start__ = _sbss
 *(.bss)
 .bss           0x0000000020000050       0x1c d:/stm32cube/stm32cubeide_1.7.0/stm32cubeide/plugins/com.st.stm32cube.ide.mcu.externaltools.gnu-tools-for-stm32.10.3-2021.10.win32_1.0.0.202111181127/tools/bin/../lib/gcc/arm-none-eabi/10.3.1/thumb/v7-m/nofp/crtbegin.o
 *(.bss*)
 .bss.counter1  0x000000002000006c        0x4 ./Core/Src/SoftwareTimer.o
                0x000000002000006c                counter1
 .bss.timer1_flag
                0x0000000020000070        0x4 ./Core/Src/SoftwareTimer.o
                0x0000000020000070                timer1_flag
 .bss.counter2  0x0000000020000074        0x4 ./Core/Src/SoftwareTimer.o
                0x0000000020000074                counter2
 .bss.timer2_flag
                0x0000000020000078        0x4 ./Core/Src/SoftwareTimer.o
                0x0000000020000078                timer2_flag
 .bss.counter3  0x000000002000007c        0x4 ./Core/Src/SoftwareTimer.o
                0x000000002000007c                counter3
 .bss.timer3_flag
                0x0000000020000080        0x4 ./Core/Src/SoftwareTimer.o
                0x0000000020000080                timer3_flag
 .bss.counter4  0x0000000020000084        0x4 ./Core/Src/SoftwareTimer.o
                0x0000000020000084                counter4
 .bss.timer4_flag
                0x0000000020000088        0x4 ./Core/Src/SoftwareTimer.o
                0x0000000020000088                timer4_flag
 .bss.debounceButtonBuffer2
                0x000000002000008c        0xc ./Core/Src/button.o
                0x000000002000008c                debounceButtonBuffer2
 .bss.debounceButtonBuffer1
                0x0000000020000098        0xc ./Core/Src/button.o
                0x0000000020000098                debounceButtonBuffer1
 .bss.buttonBuffer
                0x00000000200000a4        0xc ./Core/Src/button.o
                0x00000000200000a4                buttonBuffer
 .bss.flagForButtonPress1s
                0x00000000200000b0        0xc ./Core/Src/button.o
                0x00000000200000b0                flagForButtonPress1s
 .bss.counterForButtonPress1s
                0x00000000200000bc        0xc ./Core/Src/button.o
                0x00000000200000bc                counterForButtonPress1s
 .bss.BTN_GPIO_Port
                0x00000000200000c8        0xc ./Core/Src/button.o
                0x00000000200000c8                BTN_GPIO_Port
 .bss.BTN_GPIO_Pin
                0x00000000200000d4        0x6 ./Core/Src/button.o
                0x00000000200000d4                BTN_GPIO_Pin
 .bss.state     0x00000000200000da        0x1 ./Core/Src/input_processing.o
                0x00000000200000da                state
 *fill*         0x00000000200000db        0x1 
 .bss.value     0x00000000200000dc        0x4 ./Core/Src/input_processing.o
                0x00000000200000dc                value
 .bss.btn_increase_executed
                0x00000000200000e0        0x4 ./Core/Src/input_processing.o
                0x00000000200000e0                btn_increase_executed
 .bss.btn_decrease_executed
                0x00000000200000e4        0x4 ./Core/Src/input_processing.o
                0x00000000200000e4                btn_decrease_executed
 .bss.flag3s_DEC
                0x00000000200000e8        0x4 ./Core/Src/input_processing.o
                0x00000000200000e8                flag3s_DEC
 .bss.flag3s_INC
                0x00000000200000ec        0x4 ./Core/Src/input_processing.o
                0x00000000200000ec                flag3s_INC
 .bss.temp_value
                0x00000000200000f0        0x4 ./Core/Src/input_processing.o
                0x00000000200000f0                temp_value
 .bss.flag10s_released
                0x00000000200000f4        0x4 ./Core/Src/input_processing.o
                0x00000000200000f4                flag10s_released
 .bss.htim2     0x00000000200000f8       0x48 ./Core/Src/main.o
                0x00000000200000f8                htim2
 .bss.uwTick    0x0000000020000140        0x4 ./Drivers/STM32F1xx_HAL_Driver/Src/stm32f1xx_hal.o
                0x0000000020000140                uwTick
 *(COMMON)
                0x0000000020000144                . = ALIGN (0x4)
                0x0000000020000144                _ebss = .
                0x0000000020000144                __bss_end__ = _ebss

._user_heap_stack
                0x0000000020000144      0x604 load address 0x0000000008002a84
                0x0000000020000148                . = ALIGN (0x8)
 *fill*         0x0000000020000144        0x4 
                [!provide]                        PROVIDE (end = .)
                0x0000000020000148                PROVIDE (_end = .)
                0x0000000020000348                . = (. + _Min_Heap_Size)
 *fill*         0x0000000020000148      0x200 
                0x0000000020000748                . = (. + _Min_Stack_Size)
 *fill*         0x0000000020000348      0x400 
                0x0000000020000748                . = ALIGN (0x8)

/DISCARD/
 libc.a(*)
 libm.a(*)
 libgcc.a(*)

.ARM.attributes
                0x0000000000000000       0x29
 *(.ARM.attributes)
 .ARM.attributes
                0x0000000000000000       0x1d d:/stm32cube/stm32cubeide_1.7.0/stm32cubeide/plugins/com.st.stm32cube.ide.mcu.externaltools.gnu-tools-for-stm32.10.3-2021.10.win32_1.0.0.202111181127/tools/bin/../lib/gcc/arm-none-eabi/10.3.1/thumb/v7-m/nofp/crti.o
 .ARM.attributes
                0x000000000000001d       0x2d d:/stm32cube/stm32cubeide_1.7.0/stm32cubeide/plugins/com.st.stm32cube.ide.mcu.externaltools.gnu-tools-for-stm32.10.3-2021.10.win32_1.0.0.202111181127/tools/bin/../lib/gcc/arm-none-eabi/10.3.1/thumb/v7-m/nofp/crtbegin.o
 .ARM.attributes
                0x000000000000004a       0x2d ./Core/Src/7Seg_led.o
 .ARM.attributes
                0x0000000000000077       0x2d ./Core/Src/SoftwareTimer.o
 .ARM.attributes
                0x00000000000000a4       0x2d ./Core/Src/button.o
 .ARM.attributes
                0x00000000000000d1       0x2d ./Core/Src/input_processing.o
 .ARM.attributes
                0x00000000000000fe       0x2d ./Core/Src/main.o
 .ARM.attributes
                0x000000000000012b       0x2d ./Core/Src/stm32f1xx_hal_msp.o
 .ARM.attributes
                0x0000000000000158       0x2d ./Core/Src/stm32f1xx_it.o
 .ARM.attributes
                0x0000000000000185       0x2d ./Core/Src/system_stm32f1xx.o
 .ARM.attributes
                0x00000000000001b2       0x21 ./Core/Startup/startup_stm32f103c6ux.o
 .ARM.attributes
                0x00000000000001d3       0x2d ./Drivers/STM32F1xx_HAL_Driver/Src/stm32f1xx_hal.o
 .ARM.attributes
                0x0000000000000200       0x2d ./Drivers/STM32F1xx_HAL_Driver/Src/stm32f1xx_hal_cortex.o
 .ARM.attributes
                0x000000000000022d       0x2d ./Drivers/STM32F1xx_HAL_Driver/Src/stm32f1xx_hal_gpio.o
 .ARM.attributes
                0x000000000000025a       0x2d ./Drivers/STM32F1xx_HAL_Driver/Src/stm32f1xx_hal_rcc.o
 .ARM.attributes
                0x0000000000000287       0x2d ./Drivers/STM32F1xx_HAL_Driver/Src/stm32f1xx_hal_tim.o
 .ARM.attributes
                0x00000000000002b4       0x2d ./Drivers/STM32F1xx_HAL_Driver/Src/stm32f1xx_hal_tim_ex.o
 .ARM.attributes
                0x00000000000002e1       0x2d d:/stm32cube/stm32cubeide_1.7.0/stm32cubeide/plugins/com.st.stm32cube.ide.mcu.externaltools.gnu-tools-for-stm32.10.3-2021.10.win32_1.0.0.202111181127/tools/bin/../lib/gcc/arm-none-eabi/10.3.1/../../../../arm-none-eabi/lib/thumb/v7-m/nofp\libc_nano.a(lib_a-init.o)
 .ARM.attributes
                0x000000000000030e       0x2d d:/stm32cube/stm32cubeide_1.7.0/stm32cubeide/plugins/com.st.stm32cube.ide.mcu.externaltools.gnu-tools-for-stm32.10.3-2021.10.win32_1.0.0.202111181127/tools/bin/../lib/gcc/arm-none-eabi/10.3.1/../../../../arm-none-eabi/lib/thumb/v7-m/nofp\libc_nano.a(lib_a-memset.o)
 .ARM.attributes
                0x000000000000033b       0x1d d:/stm32cube/stm32cubeide_1.7.0/stm32cubeide/plugins/com.st.stm32cube.ide.mcu.externaltools.gnu-tools-for-stm32.10.3-2021.10.win32_1.0.0.202111181127/tools/bin/../lib/gcc/arm-none-eabi/10.3.1/thumb/v7-m/nofp/crtn.o
OUTPUT(PROJECT24H.elf elf32-littlearm)
LOAD linker stubs
LOAD d:/stm32cube/stm32cubeide_1.7.0/stm32cubeide/plugins/com.st.stm32cube.ide.mcu.externaltools.gnu-tools-for-stm32.10.3-2021.10.win32_1.0.0.202111181127/tools/bin/../lib/gcc/arm-none-eabi/10.3.1/../../../../arm-none-eabi/lib/thumb/v7-m/nofp\libc.a
LOAD d:/stm32cube/stm32cubeide_1.7.0/stm32cubeide/plugins/com.st.stm32cube.ide.mcu.externaltools.gnu-tools-for-stm32.10.3-2021.10.win32_1.0.0.202111181127/tools/bin/../lib/gcc/arm-none-eabi/10.3.1/../../../../arm-none-eabi/lib/thumb/v7-m/nofp\libm.a
LOAD d:/stm32cube/stm32cubeide_1.7.0/stm32cubeide/plugins/com.st.stm32cube.ide.mcu.externaltools.gnu-tools-for-stm32.10.3-2021.10.win32_1.0.0.202111181127/tools/bin/../lib/gcc/arm-none-eabi/10.3.1/thumb/v7-m/nofp\libgcc.a

.debug_info     0x0000000000000000     0x883f
 .debug_info    0x0000000000000000      0x1bf ./Core/Src/7Seg_led.o
 .debug_info    0x00000000000001bf      0x1b9 ./Core/Src/SoftwareTimer.o
 .debug_info    0x0000000000000378      0x2d6 ./Core/Src/button.o
 .debug_info    0x000000000000064e      0x458 ./Core/Src/input_processing.o
 .debug_info    0x0000000000000aa6      0xbfb ./Core/Src/main.o
 .debug_info    0x00000000000016a1      0x8d7 ./Core/Src/stm32f1xx_hal_msp.o
 .debug_info    0x0000000000001f78      0x6ea ./Core/Src/stm32f1xx_it.o
 .debug_info    0x0000000000002662      0x23d ./Core/Src/system_stm32f1xx.o
 .debug_info    0x000000000000289f       0x22 ./Core/Startup/startup_stm32f103c6ux.o
 .debug_info    0x00000000000028c1      0x716 ./Drivers/STM32F1xx_HAL_Driver/Src/stm32f1xx_hal.o
 .debug_info    0x0000000000002fd7      0xb02 ./Drivers/STM32F1xx_HAL_Driver/Src/stm32f1xx_hal_cortex.o
 .debug_info    0x0000000000003ad9      0x615 ./Drivers/STM32F1xx_HAL_Driver/Src/stm32f1xx_hal_gpio.o
 .debug_info    0x00000000000040ee      0x860 ./Drivers/STM32F1xx_HAL_Driver/Src/stm32f1xx_hal_rcc.o
 .debug_info    0x000000000000494e     0x29de ./Drivers/STM32F1xx_HAL_Driver/Src/stm32f1xx_hal_tim.o
 .debug_info    0x000000000000732c     0x1513 ./Drivers/STM32F1xx_HAL_Driver/Src/stm32f1xx_hal_tim_ex.o

.debug_abbrev   0x0000000000000000     0x19ba
 .debug_abbrev  0x0000000000000000      0x102 ./Core/Src/7Seg_led.o
 .debug_abbrev  0x0000000000000102       0xb6 ./Core/Src/SoftwareTimer.o
 .debug_abbrev  0x00000000000001b8      0x161 ./Core/Src/button.o
 .debug_abbrev  0x0000000000000319      0x1a4 ./Core/Src/input_processing.o
 .debug_abbrev  0x00000000000004bd      0x280 ./Core/Src/main.o
 .debug_abbrev  0x000000000000073d      0x19f ./Core/Src/stm32f1xx_hal_msp.o
 .debug_abbrev  0x00000000000008dc      0x184 ./Core/Src/stm32f1xx_it.o
 .debug_abbrev  0x0000000000000a60      0x13b ./Core/Src/system_stm32f1xx.o
 .debug_abbrev  0x0000000000000b9b       0x12 ./Core/Startup/startup_stm32f103c6ux.o
 .debug_abbrev  0x0000000000000bad      0x1fb ./Drivers/STM32F1xx_HAL_Driver/Src/stm32f1xx_hal.o
 .debug_abbrev  0x0000000000000da8      0x2ed ./Drivers/STM32F1xx_HAL_Driver/Src/stm32f1xx_hal_cortex.o
 .debug_abbrev  0x0000000000001095      0x1bb ./Drivers/STM32F1xx_HAL_Driver/Src/stm32f1xx_hal_gpio.o
 .debug_abbrev  0x0000000000001250      0x2a8 ./Drivers/STM32F1xx_HAL_Driver/Src/stm32f1xx_hal_rcc.o
 .debug_abbrev  0x00000000000014f8      0x25d ./Drivers/STM32F1xx_HAL_Driver/Src/stm32f1xx_hal_tim.o
 .debug_abbrev  0x0000000000001755      0x265 ./Drivers/STM32F1xx_HAL_Driver/Src/stm32f1xx_hal_tim_ex.o

.debug_aranges  0x0000000000000000      0xa20
 .debug_aranges
                0x0000000000000000       0x20 ./Core/Src/7Seg_led.o
 .debug_aranges
                0x0000000000000020       0x40 ./Core/Src/SoftwareTimer.o
 .debug_aranges
                0x0000000000000060       0x38 ./Core/Src/button.o
 .debug_aranges
                0x0000000000000098       0x58 ./Core/Src/input_processing.o
 .debug_aranges
                0x00000000000000f0       0x48 ./Core/Src/main.o
 .debug_aranges
                0x0000000000000138       0x30 ./Core/Src/stm32f1xx_hal_msp.o
 .debug_aranges
                0x0000000000000168       0x68 ./Core/Src/stm32f1xx_it.o
 .debug_aranges
                0x00000000000001d0       0x28 ./Core/Src/system_stm32f1xx.o
 .debug_aranges
                0x00000000000001f8       0x28 ./Core/Startup/startup_stm32f103c6ux.o
 .debug_aranges
                0x0000000000000220       0xe0 ./Drivers/STM32F1xx_HAL_Driver/Src/stm32f1xx_hal.o
 .debug_aranges
                0x0000000000000300      0x100 ./Drivers/STM32F1xx_HAL_Driver/Src/stm32f1xx_hal_cortex.o
 .debug_aranges
                0x0000000000000400       0x58 ./Drivers/STM32F1xx_HAL_Driver/Src/stm32f1xx_hal_gpio.o
 .debug_aranges
                0x0000000000000458       0x90 ./Drivers/STM32F1xx_HAL_Driver/Src/stm32f1xx_hal_rcc.o
 .debug_aranges
                0x00000000000004e8      0x3d0 ./Drivers/STM32F1xx_HAL_Driver/Src/stm32f1xx_hal_tim.o
 .debug_aranges
                0x00000000000008b8      0x168 ./Drivers/STM32F1xx_HAL_Driver/Src/stm32f1xx_hal_tim_ex.o

.debug_ranges   0x0000000000000000      0x938
 .debug_ranges  0x0000000000000000       0x10 ./Core/Src/7Seg_led.o
 .debug_ranges  0x0000000000000010       0x30 ./Core/Src/SoftwareTimer.o
 .debug_ranges  0x0000000000000040       0x28 ./Core/Src/button.o
 .debug_ranges  0x0000000000000068       0x48 ./Core/Src/input_processing.o
 .debug_ranges  0x00000000000000b0       0x38 ./Core/Src/main.o
 .debug_ranges  0x00000000000000e8       0x20 ./Core/Src/stm32f1xx_hal_msp.o
 .debug_ranges  0x0000000000000108       0x58 ./Core/Src/stm32f1xx_it.o
 .debug_ranges  0x0000000000000160       0x18 ./Core/Src/system_stm32f1xx.o
 .debug_ranges  0x0000000000000178       0x20 ./Core/Startup/startup_stm32f103c6ux.o
 .debug_ranges  0x0000000000000198       0xd0 ./Drivers/STM32F1xx_HAL_Driver/Src/stm32f1xx_hal.o
 .debug_ranges  0x0000000000000268       0xf0 ./Drivers/STM32F1xx_HAL_Driver/Src/stm32f1xx_hal_cortex.o
 .debug_ranges  0x0000000000000358       0x48 ./Drivers/STM32F1xx_HAL_Driver/Src/stm32f1xx_hal_gpio.o
 .debug_ranges  0x00000000000003a0       0x80 ./Drivers/STM32F1xx_HAL_Driver/Src/stm32f1xx_hal_rcc.o
 .debug_ranges  0x0000000000000420      0x3c0 ./Drivers/STM32F1xx_HAL_Driver/Src/stm32f1xx_hal_tim.o
 .debug_ranges  0x00000000000007e0      0x158 ./Drivers/STM32F1xx_HAL_Driver/Src/stm32f1xx_hal_tim_ex.o

.debug_macro    0x0000000000000000    0x167cd
 .debug_macro   0x0000000000000000      0x1b1 ./Core/Src/7Seg_led.o
 .debug_macro   0x00000000000001b1      0xa6c ./Core/Src/7Seg_led.o
 .debug_macro   0x0000000000000c1d      0x215 ./Core/Src/7Seg_led.o
 .debug_macro   0x0000000000000e32       0x2e ./Core/Src/7Seg_led.o
 .debug_macro   0x0000000000000e60       0x22 ./Core/Src/7Seg_led.o
 .debug_macro   0x0000000000000e82       0x22 ./Core/Src/7Seg_led.o
 .debug_macro   0x0000000000000ea4       0x8e ./Core/Src/7Seg_led.o
 .debug_macro   0x0000000000000f32       0x51 ./Core/Src/7Seg_led.o
 .debug_macro   0x0000000000000f83      0x103 ./Core/Src/7Seg_led.o
 .debug_macro   0x0000000000001086       0x6a ./Core/Src/7Seg_led.o
 .debug_macro   0x00000000000010f0      0x1df ./Core/Src/7Seg_led.o
 .debug_macro   0x00000000000012cf       0x1c ./Core/Src/7Seg_led.o
 .debug_macro   0x00000000000012eb       0x22 ./Core/Src/7Seg_led.o
 .debug_macro   0x000000000000130d       0xbd ./Core/Src/7Seg_led.o
 .debug_macro   0x00000000000013ca      0xd23 ./Core/Src/7Seg_led.o
 .debug_macro   0x00000000000020ed     0xde75 ./Core/Src/7Seg_led.o
 .debug_macro   0x000000000000ff62       0x6d ./Core/Src/7Seg_led.o
 .debug_macro   0x000000000000ffcf     0x3468 ./Core/Src/7Seg_led.o
 .debug_macro   0x0000000000013437      0x174 ./Core/Src/7Seg_led.o
 .debug_macro   0x00000000000135ab       0x5c ./Core/Src/7Seg_led.o
 .debug_macro   0x0000000000013607      0x5be ./Core/Src/7Seg_led.o
 .debug_macro   0x0000000000013bc5      0x1b7 ./Core/Src/7Seg_led.o
 .debug_macro   0x0000000000013d7c      0x1cb ./Core/Src/7Seg_led.o
 .debug_macro   0x0000000000013f47      0x114 ./Core/Src/7Seg_led.o
 .debug_macro   0x000000000001405b      0x1b2 ./Core/Src/7Seg_led.o
 .debug_macro   0x000000000001420d       0x27 ./Core/Src/7Seg_led.o
 .debug_macro   0x0000000000014234      0x12f ./Core/Src/7Seg_led.o
 .debug_macro   0x0000000000014363      0x1bc ./Core/Src/7Seg_led.o
 .debug_macro   0x000000000001451f       0x34 ./Core/Src/7Seg_led.o
 .debug_macro   0x0000000000014553       0x3c ./Core/Src/7Seg_led.o
 .debug_macro   0x000000000001458f       0x57 ./Core/Src/7Seg_led.o
 .debug_macro   0x00000000000145e6       0x88 ./Core/Src/7Seg_led.o
 .debug_macro   0x000000000001466e      0x183 ./Core/Src/7Seg_led.o
 .debug_macro   0x00000000000147f1      0x141 ./Core/Src/7Seg_led.o
 .debug_macro   0x0000000000014932      0x8d1 ./Core/Src/7Seg_led.o
 .debug_macro   0x0000000000015203       0x69 ./Core/Src/7Seg_led.o
 .debug_macro   0x000000000001526c       0x88 ./Core/Src/7Seg_led.o
 .debug_macro   0x00000000000152f4       0x1b ./Core/Src/SoftwareTimer.o
 .debug_macro   0x000000000001530f      0x1b6 ./Core/Src/button.o
 .debug_macro   0x00000000000154c5       0x22 ./Core/Src/button.o
 .debug_macro   0x00000000000154e7      0x1f6 ./Core/Src/input_processing.o
 .debug_macro   0x00000000000156dd      0x1ce ./Core/Src/main.o
 .debug_macro   0x00000000000158ab      0x1a7 ./Core/Src/stm32f1xx_hal_msp.o
 .debug_macro   0x0000000000015a52      0x1b1 ./Core/Src/stm32f1xx_it.o
 .debug_macro   0x0000000000015c03      0x198 ./Core/Src/system_stm32f1xx.o
 .debug_macro   0x0000000000015d9b      0x1bc ./Drivers/STM32F1xx_HAL_Driver/Src/stm32f1xx_hal.o
 .debug_macro   0x0000000000015f57      0x198 ./Drivers/STM32F1xx_HAL_Driver/Src/stm32f1xx_hal_cortex.o
 .debug_macro   0x00000000000160ef      0x203 ./Drivers/STM32F1xx_HAL_Driver/Src/stm32f1xx_hal_gpio.o
 .debug_macro   0x00000000000162f2      0x1aa ./Drivers/STM32F1xx_HAL_Driver/Src/stm32f1xx_hal_rcc.o
 .debug_macro   0x000000000001649c      0x199 ./Drivers/STM32F1xx_HAL_Driver/Src/stm32f1xx_hal_tim.o
 .debug_macro   0x0000000000016635      0x198 ./Drivers/STM32F1xx_HAL_Driver/Src/stm32f1xx_hal_tim_ex.o

.debug_line     0x0000000000000000     0xae09
 .debug_line    0x0000000000000000      0x97c ./Core/Src/7Seg_led.o
 .debug_line    0x000000000000097c      0x12b ./Core/Src/SoftwareTimer.o
 .debug_line    0x0000000000000aa7      0x716 ./Core/Src/button.o
 .debug_line    0x00000000000011bd      0x981 ./Core/Src/input_processing.o
 .debug_line    0x0000000000001b3e      0x7d4 ./Core/Src/main.o
 .debug_line    0x0000000000002312      0x6ac ./Core/Src/stm32f1xx_hal_msp.o
 .debug_line    0x00000000000029be      0x74c ./Core/Src/stm32f1xx_it.o
 .debug_line    0x000000000000310a      0x6f0 ./Core/Src/system_stm32f1xx.o
 .debug_line    0x00000000000037fa       0x87 ./Core/Startup/startup_stm32f103c6ux.o
 .debug_line    0x0000000000003881      0x91d ./Drivers/STM32F1xx_HAL_Driver/Src/stm32f1xx_hal.o
 .debug_line    0x000000000000419e      0xb05 ./Drivers/STM32F1xx_HAL_Driver/Src/stm32f1xx_hal_cortex.o
 .debug_line    0x0000000000004ca3      0x99f ./Drivers/STM32F1xx_HAL_Driver/Src/stm32f1xx_hal_gpio.o
 .debug_line    0x0000000000005642      0xd2b ./Drivers/STM32F1xx_HAL_Driver/Src/stm32f1xx_hal_rcc.o
 .debug_line    0x000000000000636d     0x3289 ./Drivers/STM32F1xx_HAL_Driver/Src/stm32f1xx_hal_tim.o
 .debug_line    0x00000000000095f6     0x1813 ./Drivers/STM32F1xx_HAL_Driver/Src/stm32f1xx_hal_tim_ex.o

.debug_str      0x0000000000000000    0x81fd9
 .debug_str     0x0000000000000000    0x7f1de ./Core/Src/7Seg_led.o
                                      0x7f518 (size before relaxing)
 .debug_str     0x000000000007f1de       0xc8 ./Core/Src/SoftwareTimer.o
                                       0x2d44 (size before relaxing)
 .debug_str     0x000000000007f2a6      0x144 ./Core/Src/button.o
                                      0x7f616 (size before relaxing)
 .debug_str     0x000000000007f3ea      0x238 ./Core/Src/input_processing.o
                                      0x7f7ee (size before relaxing)
 .debug_str     0x000000000007f622      0x796 ./Core/Src/main.o
                                      0x7fdd5 (size before relaxing)
 .debug_str     0x000000000007fdb8      0x2d2 ./Core/Src/stm32f1xx_hal_msp.o
                                      0x7fca7 (size before relaxing)
 .debug_str     0x000000000008008a       0xec ./Core/Src/stm32f1xx_it.o
                                      0x7fa10 (size before relaxing)
 .debug_str     0x0000000000080176       0x88 ./Core/Src/system_stm32f1xx.o
                                      0x7f36f (size before relaxing)
 .debug_str     0x00000000000801fe       0x36 ./Core/Startup/startup_stm32f103c6ux.o
                                         0x6d (size before relaxing)
 .debug_str     0x0000000000080234      0x38e ./Drivers/STM32F1xx_HAL_Driver/Src/stm32f1xx_hal.o
                                      0x7fa68 (size before relaxing)
 .debug_str     0x00000000000805c2      0x29e ./Drivers/STM32F1xx_HAL_Driver/Src/stm32f1xx_hal_cortex.o
                                      0x7f9b4 (size before relaxing)
 .debug_str     0x0000000000080860      0x2ed ./Drivers/STM32F1xx_HAL_Driver/Src/stm32f1xx_hal_gpio.o
                                      0x7f6f5 (size before relaxing)
 .debug_str     0x0000000000080b4d      0x229 ./Drivers/STM32F1xx_HAL_Driver/Src/stm32f1xx_hal_rcc.o
                                      0x7f79e (size before relaxing)
 .debug_str     0x0000000000080d76      0xdd0 ./Drivers/STM32F1xx_HAL_Driver/Src/stm32f1xx_hal_tim.o
                                      0x80789 (size before relaxing)
 .debug_str     0x0000000000081b46      0x493 ./Drivers/STM32F1xx_HAL_Driver/Src/stm32f1xx_hal_tim_ex.o
                                      0x7ffa5 (size before relaxing)

.comment        0x0000000000000000       0x50
 .comment       0x0000000000000000       0x50 ./Core/Src/7Seg_led.o
                                         0x51 (size before relaxing)
 .comment       0x0000000000000050       0x51 ./Core/Src/SoftwareTimer.o
 .comment       0x0000000000000050       0x51 ./Core/Src/button.o
 .comment       0x0000000000000050       0x51 ./Core/Src/input_processing.o
 .comment       0x0000000000000050       0x51 ./Core/Src/main.o
 .comment       0x0000000000000050       0x51 ./Core/Src/stm32f1xx_hal_msp.o
 .comment       0x0000000000000050       0x51 ./Core/Src/stm32f1xx_it.o
 .comment       0x0000000000000050       0x51 ./Core/Src/system_stm32f1xx.o
 .comment       0x0000000000000050       0x51 ./Drivers/STM32F1xx_HAL_Driver/Src/stm32f1xx_hal.o
 .comment       0x0000000000000050       0x51 ./Drivers/STM32F1xx_HAL_Driver/Src/stm32f1xx_hal_cortex.o
 .comment       0x0000000000000050       0x51 ./Drivers/STM32F1xx_HAL_Driver/Src/stm32f1xx_hal_gpio.o
 .comment       0x0000000000000050       0x51 ./Drivers/STM32F1xx_HAL_Driver/Src/stm32f1xx_hal_rcc.o
 .comment       0x0000000000000050       0x51 ./Drivers/STM32F1xx_HAL_Driver/Src/stm32f1xx_hal_tim.o
 .comment       0x0000000000000050       0x51 ./Drivers/STM32F1xx_HAL_Driver/Src/stm32f1xx_hal_tim_ex.o

.debug_frame    0x0000000000000000     0x2890
 .debug_frame   0x0000000000000000       0x38 ./Core/Src/7Seg_led.o
 .debug_frame   0x0000000000000038       0xd0 ./Core/Src/SoftwareTimer.o
 .debug_frame   0x0000000000000108       0xac ./Core/Src/button.o
 .debug_frame   0x00000000000001b4      0x110 ./Core/Src/input_processing.o
 .debug_frame   0x00000000000002c4       0xd4 ./Core/Src/main.o
 .debug_frame   0x0000000000000398       0x80 ./Core/Src/stm32f1xx_hal_msp.o
 .debug_frame   0x0000000000000418      0x120 ./Core/Src/stm32f1xx_it.o
 .debug_frame   0x0000000000000538       0x58 ./Core/Src/system_stm32f1xx.o
 .debug_frame   0x0000000000000590      0x334 ./Drivers/STM32F1xx_HAL_Driver/Src/stm32f1xx_hal.o
 .debug_frame   0x00000000000008c4      0x428 ./Drivers/STM32F1xx_HAL_Driver/Src/stm32f1xx_hal_cortex.o
 .debug_frame   0x0000000000000cec      0x14c ./Drivers/STM32F1xx_HAL_Driver/Src/stm32f1xx_hal_gpio.o
 .debug_frame   0x0000000000000e38      0x21c ./Drivers/STM32F1xx_HAL_Driver/Src/stm32f1xx_hal_rcc.o
 .debug_frame   0x0000000000001054     0x11b8 ./Drivers/STM32F1xx_HAL_Driver/Src/stm32f1xx_hal_tim.o
 .debug_frame   0x000000000000220c      0x638 ./Drivers/STM32F1xx_HAL_Driver/Src/stm32f1xx_hal_tim_ex.o
 .debug_frame   0x0000000000002844       0x2c d:/stm32cube/stm32cubeide_1.7.0/stm32cubeide/plugins/com.st.stm32cube.ide.mcu.externaltools.gnu-tools-for-stm32.10.3-2021.10.win32_1.0.0.202111181127/tools/bin/../lib/gcc/arm-none-eabi/10.3.1/../../../../arm-none-eabi/lib/thumb/v7-m/nofp\libc_nano.a(lib_a-init.o)
 .debug_frame   0x0000000000002870       0x20 d:/stm32cube/stm32cubeide_1.7.0/stm32cubeide/plugins/com.st.stm32cube.ide.mcu.externaltools.gnu-tools-for-stm32.10.3-2021.10.win32_1.0.0.202111181127/tools/bin/../lib/gcc/arm-none-eabi/10.3.1/../../../../arm-none-eabi/lib/thumb/v7-m/nofp\libc_nano.a(lib_a-memset.o)
